﻿
> ai-air-cargo-tracking@0.0.0 build
> vite build

[36mvite v8.0.12 [32mbuilding client environment for production...[36m[39m
[2K
transforming...Γ£ô 1795 modules transformed.
node.exe : [31mΓ£ù[39m Build failed in 662ms
At C:\Users\Gokul k\AppData\Roaming\npm\npm.ps1:24 char:5
+     & "node$exe"  "$basedir/node_modules/npm/bin/npm-cli.js" $args
+     ~~~~~~~~~~~~~~~~~~~~~~~~~~~~~~~~~~~~~~~~~~~~~~~~~~~~~~~~~~~~~~
    + CategoryInfo          : NotSpecified: ([31mΓ£ù[39m Build failed in 662ms:String) [], RemoteException
    + FullyQualifiedErrorId : NativeCommandError
 
[31merror during build:
[31mBuild failed with 1 error:

[plugin vite:css-post]
SyntaxError: [lightningcss minify] Unknown at rule: @keyframes
1036 |  
1037 |  /* Futuristic Tracking Visuals (Reverted) */
1038 |  @keyframes pulse-ring {
     |                       ^
1039 |    0% { transform: scale(0.33); opacity: 0; }
1040 |    80%, 100% { transform: scale(1.5); opacity: 0; }
    at Module.<anonymous> (C:\AI-AIR-CARGO TRACKING\node_modules\lightningcss\node\index.js:56:14)
    at minifyCSS (file:///C:/AI-AIR-CARGO%20TRACKING/node_modules/vite/dist/node/chunks/node.js:21303:59)
    at async finalizeCss (file:///C:/AI-AIR-CARGO%20TRACKING/node_modules/vite/dist/node/chunks/node.js:21148:36)
    at async Promise.all (index 1)
    at async Object.run (file:///C:/AI-AIR-CARGO%20TRACKING/node_modules/vite/dist/node/chunks/node.js:2432:22)
    at async PluginContextImpl.renderChunk 
(file:///C:/AI-AIR-CARGO%20TRACKING/node_modules/vite/dist/node/chunks/node.js:20684:19)
    at async plugin 
(file:///C:/AI-AIR-CARGO%20TRACKING/node_modules/rolldown/dist/shared/bindingify-input-options-zrVFGksD.mjs:1290:16)
    at async plugin.<computed> (file:///C:/AI-AIR-CARGO%20TRACKING/node_modules/rolldown/dist/shared/bindingify-input-o
ptions-zrVFGksD.mjs:1625:12)[31m
    at aggregateBindingErrorsIntoJsError 
(file:///C:/AI-AIR-CARGO%20TRACKING/node_modules/rolldown/dist/shared/error-BrnLyQ-g.mjs:48:18)
    at unwrapBindingResult 
(file:///C:/AI-AIR-CARGO%20TRACKING/node_modules/rolldown/dist/shared/error-BrnLyQ-g.mjs:18:128)
    at #build 
(file:///C:/AI-AIR-CARGO%20TRACKING/node_modules/rolldown/dist/shared/rolldown-build-D_ShytiL.mjs:3257:34)
    at async buildEnvironment (file:///C:/AI-AIR-CARGO%20TRACKING/node_modules/vite/dist/node/chunks/node.js:33052:64)
    at async Object.build (file:///C:/AI-AIR-CARGO%20TRACKING/node_modules/vite/dist/node/chunks/node.js:33474:19)
    at async Object.buildApp (file:///C:/AI-AIR-CARGO%20TRACKING/node_modules/vite/dist/node/chunks/node.js:33471:153)
    at async CAC.<anonymous> (file:///C:/AI-AIR-CARGO%20TRACKING/node_modules/vite/dist/node/cli.js:778:3) {
  errors: [Getter/Setter]
}[39m
